> Task :app:preBuild UP-TO-DATE
> Task :app:preDebugBuild UP-TO-DATE
> Task :app:mergeDebugNativeDebugMetadata NO-SOURCE
> Task :app:generateDebugResources UP-TO-DATE
> Task :app:packageDebugResources UP-TO-DATE
> Task :app:processDebugNavigationResources UP-TO-DATE
> Task :app:parseDebugLocalResources UP-TO-DATE
> Task :app:generateDebugRFile UP-TO-DATE
> Task :app:compileDebugKotlin UP-TO-DATE
> Task :app:javaPreCompileDebug UP-TO-DATE
> Task :app:compileDebugJavaWithJavac NO-SOURCE
> Task :app:generateDebugAssets UP-TO-DATE
> Task :app:mergeDebugAssets UP-TO-DATE
> Task :app:compressDebugAssets UP-TO-DATE
> Task :app:processDebugJavaRes UP-TO-DATE
> Task :app:mergeDebugJavaResource UP-TO-DATE
> Task :app:checkDebugDuplicateClasses UP-TO-DATE
> Task :app:desugarDebugFileDependencies UP-TO-DATE
> Task :app:mergeExtDexDebug UP-TO-DATE
> Task :app:mergeLibDexDebug UP-TO-DATE
> Task :app:checkDebugAarMetadata UP-TO-DATE
> Task :app:compileDebugNavigationResources UP-TO-DATE
> Task :app:mapDebugSourceSetPaths UP-TO-DATE
> Task :app:mergeDebugResources UP-TO-DATE
> Task :app:createDebugCompatibleScreenManifests UP-TO-DATE
> Task :app:extractDeepLinksDebug UP-TO-DATE
> Task :app:processDebugMainManifest UP-TO-DATE
> Task :app:processDebugManifest UP-TO-DATE
> Task :app:processDebugManifestForPackage UP-TO-DATE
> Task :app:mergeDebugJniLibFolders UP-TO-DATE
> Task :app:mergeDebugNativeLibs UP-TO-DATE
> Task :app:stripDebugDebugSymbols UP-TO-DATE
> Task :app:validateSigningDebug UP-TO-DATE
> Task :app:writeDebugAppMetadata UP-TO-DATE
> Task :app:writeDebugSigningConfigVersions UP-TO-DATE
> Task :app:processDebugResources FAILED
./gradlew : 
At line:1 char:1
+ ./gradlew 
assembleDebug > 
build_output.log 2>&1
+ ~~~~~~~~~~~~~~~~~~~~~
~~~~~~~~~~~~~~~~~~~~~~~
~~~
    + CategoryInfo     
         : 
NotSpecified: (:St    
ring) [], RemoteExcept 
   ion
    + 
FullyQualifiedErrorI   
 d : NativeCommandError
 
FAILURE: Build failed 
with an exception.

* What went wrong:
Execution failed for 
task ':app:processDebug
Resources'.
> A failure occurred 
while executing com.and
roid.build.gradle.inter
nal.res.LinkApplication
AndroidResourcesTask$Ta
skAction
   > Android resource 
linking failed
     com.simats.rankup.
app-main-49:/layout/act
ivity_student_resume_fo
rm.xml:75: error: 
resource 
drawable/bg_edittext 
(aka com.simats.rankup:
drawable/bg_edittext) 
not found.
     com.simats.rankup.
app-main-49:/layout/act
ivity_student_resume_fo
rm.xml:85: error: 
resource 
drawable/bg_edittext 
(aka com.simats.rankup:
drawable/bg_edittext) 
not found.
     com.simats.rankup.
app-main-49:/layout/act
ivity_student_resume_fo
rm.xml:95: error: 
resource 
drawable/bg_edittext 
(aka com.simats.rankup:
drawable/bg_edittext) 
not found.
     com.simats.rankup.
app-main-49:/layout/act
ivity_student_resume_fo
rm.xml:116: error: 
resource 
drawable/bg_edittext 
(aka com.simats.rankup:
drawable/bg_edittext) 
not found.
     com.simats.rankup.
app-main-49:/layout/act
ivity_student_resume_fo
rm.xml:136: error: 
resource 
drawable/bg_edittext 
(aka com.simats.rankup:
drawable/bg_edittext) 
not found.
     com.simats.rankup.
app-main-49:/layout/act
ivity_student_resume_fo
rm.xml:156: error: 
resource 
drawable/bg_edittext 
(aka com.simats.rankup:
drawable/bg_edittext) 
not found.
     com.simats.rankup.
app-main-49:/layout/act
ivity_student_resume_fo
rm.xml:175: error: 
resource 
drawable/bg_edittext 
(aka com.simats.rankup:
drawable/bg_edittext) 
not found.
     error: failed 
linking file resources.


* Try:
> Run with 
--stacktrace option to 
get the stack trace.
> Run with --info or 
--debug option to get 
more log output.
> Run with --scan to 
generate a Build Scan 
(Powered by 
Develocity).
> Get more help at http
s://help.gradle.org.

BUILD FAILED in 3s
31 actionable tasks: 1 executed, 30 up-to-date
